<?xml version="1.0" encoding="UTF-8"?>
<CMD xmlns="http://www.clarin.eu/cmd/" xmlns:xsi="http://www.w3.org/2001/XMLSchema-instance" CMDVersion="1.1" xsi:schemaLocation="http://www.clarin.eu/cmd/ http://catalog.clarin.eu/ds/ComponentRegistry/rest/registry/profiles/clarin.eu:cr1:p_1336550377513/xsd">
  <Header>
    <MdCreator>Nokogiri</MdCreator>
    <MdCreationDate>2021-01-01</MdCreationDate>
    <MdSelfLink/>
    <MdProfile>clarin.eu:cr1:p_1336550377513</MdProfile>
    <MdCollectionDisplayName>Bavarian Archive for Speech Signals (BAS)</MdCollectionDisplayName>
  </Header>
  <Resources>
    <ResourceProxyList/>
    <JournalFileProxyList/>
    <ResourceRelationList/>
    <IsPartOfList>
      <IsPartOf>../ohd_zwar_001.xml</IsPartOf>
    </IsPartOfList>
  </Resources>
  <Components>
    <media-session-profile>
      <media-session>
        <Name>za001</Name>
        <NumberOfSpeakers>3</NumberOfSpeakers>
        <Corpus>OH.D Test collection</Corpus>
        <Environment>unknown</Environment>
        <RecordingDate>2021-03-10</RecordingDate>
        <NumberOfRecordings>3</NumberOfRecordings>
        <NumberMediaFiles>3</NumberMediaFiles>
        <SubjectLanguages>
          <SubjectLanguage>
            <Dominant>true</Dominant>
            <Language>
              <LanguageName>Russian</LanguageName>
              <ISO639>
                <iso-639-3-code>rus</iso-639-3-code>
              </ISO639>
            </Language>
          </SubjectLanguage>
        </SubjectLanguages>
        <media-session-actors>
          <media-session-actor id="s_0000000001">
            <Role>Interviewee</Role>
            <Name>anonymized</Name>
            <Code>INE</Code>
            <Age>49</Age>
            <Sex>Female</Sex>
          </media-session-actor>
          <media-session-actor id="s_0000000002">
            <Role>Interviewer</Role>
            <Name>anonymized</Name>
            <Code>INR1</Code>
            <Age>25</Age>
            <Sex>Male</Sex>
          </media-session-actor>
          <media-session-actor id="s_0000000003">
            <Role>Interviewer</Role>
            <Name>anonymized</Name>
            <Code>INR2</Code>
            <Age>40</Age>
            <Sex>Female</Sex>
          </media-session-actor>
        </media-session-actors>
        <Content>
          <Genre>Oral History Interview</Genre>
          <SubGenre>unspecified</SubGenre>
          <Topic>Test interviews</Topic>
          <Modality>
            <Modality>Spoken</Modality>
          </Modality>
          <CommunicationContext>
            <Interactivity>interactive</Interactivity>
            <PlanningType>spontaneous</PlanningType>
            <Involvement>non-elicited</Involvement>
            <SocialContext>Private</SocialContext>
            <EventStructure>Dialogue</EventStructure>
            <Channel>Face to Face</Channel>
          </CommunicationContext>
        </Content>
        <Description>
          <Description LanguageID="ISO639-3:eng">This is the interview za001 of the Oral History collection 'OH.D Test collection'.</Description>
        </Description>
      </media-session>
    </media-session-profile>
  </Components>
</CMD>
