// Jest Snapshot v1, https://goo.gl/fbAQLP

exports[`<UserForm /> renders a form with the correct elements 1`] = `
LoadedCheerio {
  "0": <div
    class="LoadingOverlay"
  >
    <form
      class="Form scope default"
      id="scope"
    >
      <div
        class="form-group"
      >
        <div
          class="form-label"
        >
          <label
            class="FormLabel"
          >
            Translated
          </label>
        </div>
        <div
          class="form-input"
        >
          <select
            class="Input"
            id="scope_workflow_state"
            name="workflow_state"
          >
            <option
              value=""
            >
              Translated
            </option>
            <option
              value="block"
            >
              Translated
            </option>
            <option
              value="remove"
            >
              Translated
            </option>
          </select>
        </div>
      </div>
      <div
        class="form-group"
      >
        <div
          class="form-label"
        >
          <label
            class="FormLabel"
            for="scope_mail_text"
          >
            Translated *
          </label>
        </div>
        <div
          class="form-input"
        >
          <textarea
            class="Input"
            dir="ltr"
            id="scope_mail_text"
            name="mail_text"
            style="direction:ltr;text-align:left"
          />
        </div>
      </div>
      <div
        class="Form-footer u-mt"
      >
        <div
          class="Form-footer-buttons"
        >
          <button
            class="GenericButton GenericButton--contained GenericButton--primary GenericButton--md"
            type="submit"
          >
            <svg
              class="Icon"
              fill="currentColor"
              height="1em"
              stroke="currentColor"
              stroke-width="0"
              viewBox="0 0 512 512"
              width="1em"
              xmlns="http://www.w3.org/2000/svg"
            >
              <path
                d="M173.898 439.404l-166.4-166.4c-9.997-9.997-9.997-26.206 0-36.204l36.203-36.204c9.997-9.998 26.207-9.998 36.204 0L192 312.69 432.095 72.596c9.997-9.997 26.207-9.997 36.204 0l36.203 36.204c9.997 9.997 9.997 26.206 0 36.204l-294.4 294.401c-9.998 9.997-26.207 9.997-36.204-.001z"
              />
            </svg>
            Translated
          </button>
        </div>
      </div>
    </form>
  </div>,
  "_root": LoadedCheerio {
    "0": Document {
      "children": [
        <html>
          <head />
          <body />
        </html>,
      ],
      "endIndex": null,
      "next": null,
      "parent": null,
      "prev": null,
      "startIndex": null,
      "type": "root",
      "x-mode": "quirks",
    },
    "_root": [Circular],
    "length": 1,
    "options": {
      "decodeEntities": true,
      "xml": false,
    },
  },
  "length": 1,
  "options": {
    "decodeEntities": true,
    "xml": false,
  },
}
`;
