// Jest Snapshot v1, https://goo.gl/fbAQLP

exports[`<UserForm /> renders a form with the correct elements 1`] = `
LoadedCheerio {
  "0": <div
    class="LoadingOverlay"
  >
    <form
      class="Form scope default"
      id="scope"
    >
      <div
        class="form-group"
      >
        <div
          class="form-label"
        >
          <label
            class="FormLabel"
          >
            Translated
          </label>
        </div>
        <div
          class="form-input"
        >
          <select
            class="Input"
            id="scope_workflow_state"
            name="workflow_state"
          >
            <option
              value=""
            >
              Translated
            </option>
            <option
              value="block"
            >
              Translated
            </option>
            <option
              value="remove"
            >
              Translated
            </option>
          </select>
        </div>
      </div>
      <div
        class="form-group has-error"
      >
        <div
          class="form-label"
        >
          <label
            class="FormLabel"
            for="scope_mail_text"
          >
            Translated *
          </label>
        </div>
        <div
          class="form-input"
        >
          <textarea
            class="Input"
            id="scope_mail_text"
            name="mail_text"
          />
        </div>
        <div
          class="help-block"
        >
          Translated
        </div>
      </div>
      <div
        class="Form-footer u-mt"
      >
        <input
          class="Button Button--primaryAction"
          type="submit"
          value="Translated"
        />
      </div>
    </form>
  </div>,
  "_root": LoadedCheerio {
    "0": Document {
      "children": [
        <html>
          <head />
          <body />
        </html>,
      ],
      "endIndex": null,
      "next": null,
      "parent": null,
      "prev": null,
      "startIndex": null,
      "type": "root",
      "x-mode": "quirks",
    },
    "_root": [Circular],
    "length": 1,
    "options": {
      "decodeEntities": true,
      "xml": false,
    },
  },
  "length": 1,
  "options": {
    "decodeEntities": true,
    "xml": false,
  },
}
`;
